Reloading external rigs...
Reloading external metarigs...
META [('spine', (0.0, 0.0551999993622303, 1.0098999738693237), (0.0, 0.01720000058412552, 1.1572999954223633)), ('spine.001', (0.0, 0.01720000058412552, 1.1572999954223633), (0.0, 0.00039999998989515007, 1.2928999662399292)), ('spine.002', (0.0, 0.00039999998989515007, 1.2928999662399292), (0.0, 0.005900000222027302, 1.4657000303268433)), ('spine.003', (0.0, 0.005900000222027302, 1.4657000303268433), (0.0, 0.01140000019222498, 1.6582000255584717)), ('spine.004', (0.0, 0.01140000019222498, 1.6582000255584717), (0.0, -0.013000000268220901, 1.7196999788284302)), ('spine.005', (0.0, -0.013000000268220901, 1.7196999788284302), (0.0, -0.024700000882148743, 1.7812999486923218)), ('spine.006', (0.0, -0.024700000882148743, 1.7812999486923218), (0.0, -0.024700000882148743, 1.979599952697754)), ('shoulder.L', (0.018300000578165054, -0.06840000301599503, 1.6051000356674194), (0.16940000653266907, 0.020500000566244125, 1.6050000190734863)), ('upper_arm.L', (0.19529999792575836, 0.02669999934732914, 1.5845999717712402), (0.4424000084400177, 0.0885000005364418, 1.4491000175476074)), ('forearm.L', (0.4424000084400177, 0.0885000005364418, 1.4491000175476074), (0.6593999862670898, 0.04919999837875366, 1.3061000108718872)), ('hand.L', (0.6593999862670898, 0.04919999837875366, 1.3061000108718872), (0.7233999967575073, 0.041200000792741776, 1.2584999799728394)), ('shoulder.R', (-0.018300000578165054, -0.06840000301599503, 1.6051000356674194), (-0.16940000653266907, 0.020500000566244125, 1.6050000190734863)), ('upper_arm.R', (-0.19529999792575836, 0.02669999934732914, 1.5845999717712402), (-0.4424000084400177, 0.0885000005364418, 1.4491000175476074)), ('forearm.R', (-0.4424000084400177, 0.0885000005364418, 1.4491000175476074), (-0.6593999862670898, 0.04919999837875366, 1.3061000108718872)), ('hand.R', (-0.6593999862670898, 0.04919999837875366, 1.3061000108718872), (-0.7233999967575073, 0.041200000792741776, 1.2584999799728394)), ('breast.L', (0.11840000003576279, 0.048500001430511475, 1.4595999717712402), (0.11840000003576279, -0.09070000052452087, 1.4595999717712402)), ('breast.R', (-0.11840000003576279, 0.048500001430511475, 1.4595999717712402), (-0.11840000003576279, -0.09070000052452087, 1.4595999717712402)), ('pelvis.L', (0.0, 0.0551999993622303, 1.0098999738693237), (0.1111999973654747, -0.045099999755620956, 1.1533000469207764)), ('pelvis.R', (-0.0, 0.0551999993622303, 1.0098999738693237), (-0.1111999973654747, -0.045099999755620956, 1.1533000469207764)), ('thigh.L', (0.09799999743700027, 0.012400000356137753, 1.0720000267028809), (0.09799999743700027, -0.028599999845027924, 0.5371999740600586)), ('shin.L', (0.09799999743700027, -0.028599999845027924, 0.5371999740600586), (0.09799999743700027, 0.016200000420212746, 0.0851999968290329)), ('foot.L', (0.09799999743700027, 0.016200000420212746, 0.0851999968290329), (0.09799999743700027, -0.0934000015258789, 0.016699999570846558)), ('toe.L', (0.09799999743700027, -0.0934000015258789, 0.016699999570846558), (0.09799999743700027, -0.16060000658035278, 0.016699999570846558)), ('heel.02.L', (0.05999999865889549, 0.045899998396635056, 0.0), (0.14000000059604645, 0.045899998396635056, 0.0)), ('thigh.R', (-0.09799999743700027, 0.012400000356137753, 1.0720000267028809), (-0.09799999743700027, -0.028599999845027924, 0.5371999740600586)), ('shin.R', (-0.09799999743700027, -0.028599999845027924, 0.5371999740600586), (-0.09799999743700027, 0.016200000420212746, 0.0851999968290329)), ('foot.R', (-0.09799999743700027, 0.016200000420212746, 0.0851999968290329), (-0.09799999743700027, -0.0934000015258789, 0.016699999570846558)), ('toe.R', (-0.09799999743700027, -0.0934000015258789, 0.016699999570846558), (-0.09799999743700027, -0.16060000658035278, 0.016699999570846558)), ('heel.02.R', (-0.05999999865889549, 0.045899998396635056, 0.0), (-0.14000000059604645, 0.045899998396635056, 0.0))]
Fetch rig.
Clear rig animation data.
Create widgets collection: 0.001
Duplicate rig: 0.002
Instantiate rigs: 0.000
Initialize rigs: 0.000
Prepare bones: 0.000
Generate bones: 0.005
Parent bones: 0.003
Configure bones: 0.004
Preapply bones: 0.001
Apply bones: 0.001
Rig bones: 0.007
Generate widgets: 0.007
Assign layers: 0.005
Finalize: 0.015
The rest: 0.006
Info: Successfully generated: "RIG-Armature"
RIG RIG-Armature [('DEF-spine', {}), ('DEF-spine.001', {}), ('DEF-spine.002', {}), ('DEF-spine.003', {}), ('DEF-spine.004', {}), ('DEF-spine.005', {}), ('DEF-spine.006', {}), ('torso', {'neck_follow': 0.5, 'head_follow': 0.0, 'torso_parent': 1}), ('hips', {}), ('chest', {}), ('spine_fk.001', {}), ('spine_fk', {}), ('DEF-pelvis.L', {}), ('DEF-pelvis.R', {}), ('foot_tweak.L', {}), ('shin_tweak.L', {'rubber_tweak': 0.0}), ('shin_tweak.L.001', {'rubber_tweak': 1.0}), ('thigh_tweak.L.001', {'rubber_tweak': 1.0}), ('foot_tweak.R', {}), ('shin_tweak.R', {'rubber_tweak': 0.0}), ('shin_tweak.R.001', {'rubber_tweak': 1.0}), ('thigh_tweak.R.001', {'rubber_tweak': 1.0}), ('thigh_parent.L', {'FK_limb_follow': 0.0, 'IK_FK': 0.0, 'IK_Stretch': 1.0, 'pole_vector': False, 'IK_parent': 1, 'pole_parent': 3}), ('thigh_fk.L', {}), ('shin_fk.L', {}), ('foot_fk.L', {}), ('thigh_ik.L', {}), ('thigh_tweak.L', {}), ('DEF-thigh.L', {}), ('DEF-thigh.L.001', {}), ('DEF-shin.L', {}), ('DEF-shin.L.001', {}), ('DEF-foot.L', {}), ('DEF-toe.L', {}), ('thigh_parent.R', {'FK_limb_follow': 0.0, 'IK_FK': 0.0, 'IK_Stretch': 1.0, 'pole_vector': False, 'IK_parent': 1, 'pole_parent': 3}), ('thigh_fk.R', {}), ('shin_fk.R', {}), ('foot_fk.R', {}), ('thigh_ik.R', {}), ('thigh_tweak.R', {}), ('DEF-thigh.R', {}), ('DEF-thigh.R.001', {}), ('DEF-shin.R', {}), ('DEF-shin.R.001', {}), ('DEF-foot.R', {}), ('DEF-toe.R', {}), ('spine_fk.002', {}), ('spine_fk.003', {}), ('neck', {}), ('head', {}), ('hand_tweak.L', {}), ('forearm_tweak.L', {'rubber_tweak': 0.0}), ('forearm_tweak.L.001', {'rubber_tweak': 1.0}), ('upper_arm_tweak.L.001', {'rubber_tweak': 1.0}), ('DEF-shoulder.L', {}), ('upper_arm_parent.L', {'FK_limb_follow': 0.0, 'IK_FK': 0.0, 'IK_Stretch': 1.0, 'pole_vector': False, 'IK_parent': 1, 'pole_parent': 6}), ('upper_arm_fk.L', {}), ('forearm_fk.L', {}), ('hand_fk.L', {}), ('upper_arm_ik.L', {}), ('upper_arm_tweak.L', {}), ('DEF-upper_arm.L', {}), ('DEF-upper_arm.L.001', {}), ('DEF-forearm.L', {}), ('DEF-forearm.L.001', {}), ('DEF-hand.L', {}), ('hand_tweak.R', {}), ('forearm_tweak.R', {'rubber_tweak': 0.0}), ('forearm_tweak.R.001', {'rubber_tweak': 1.0}), ('upper_arm_tweak.R.001', {'rubber_tweak': 1.0}), ('DEF-shoulder.R', {}), ('upper_arm_parent.R', {'FK_limb_follow': 0.0, 'IK_FK': 0.0, 'IK_Stretch': 1.0, 'pole_vector': False, 'IK_parent': 1, 'pole_parent': 6}), ('upper_arm_fk.R', {}), ('forearm_fk.R', {}), ('hand_fk.R', {}), ('upper_arm_ik.R', {}), ('upper_arm_tweak.R', {}), ('DEF-upper_arm.R', {}), ('DEF-upper_arm.R.001', {}), ('DEF-forearm.R', {}), ('DEF-forearm.R.001', {}), ('DEF-hand.R', {}), ('DEF-breast.L', {}), ('DEF-breast.R', {}), ('hand_ik.L', {}), ('upper_arm_ik_target.L', {}), ('hand_ik.R', {}), ('upper_arm_ik_target.R', {}), ('foot_ik.L', {}), ('foot_spin_ik.L', {}), ('foot_heel_ik.L', {}), ('thigh_ik_target.L', {}), ('foot_ik.R', {}), ('foot_spin_ik.R', {}), ('foot_heel_ik.R', {}), ('thigh_ik_target.R', {})]
Info: Saved as "cowboy_rigify_probe.blend"
Blender 5.2.1 LTS (hash 9e2066aef7ef built 2026-08-25 01:35:57)

Blender quit
